../Core/Src/main.c:932:7:compute_real_speed.part.0	16	static
../Core/Src/main.c:229:6:SystemClock_Config	160	static,ignoring_inline_asm
../Core/Src/main.c:803:5:pwm_mapping	0	static
../Core/Src/main.c:847:6:set_direction	0	static
../Core/Src/main.c:811:6:motor_control	16	static
../Core/Src/main.c:872:6:reset_pid	0	static
../Core/Src/main.c:918:6:compute_lb_real_speed	32	static
../Core/Src/main.c:932:7:compute_real_speed	24	static
../Core/Src/main.c:948:6:log_to_uart	8	static
../Core/Src/main.c:877:6:compute_control	336	static
../Core/Src/main.c:754:6:HAL_TIM_PeriodElapsedCallback	24	static
../Core/Src/main.c:132:5:main	88	static,ignoring_inline_asm
../Core/Src/main.c:958:6:Error_Handler	0	static,ignoring_inline_asm
