../Core/Src/main.c:255:6:SystemClock_Config	160	static,ignoring_inline_asm
../Core/Src/main.c:837:5:pwm_mapping	0	static
../Core/Src/main.c:881:6:set_direction	0	static
../Core/Src/main.c:845:6:motor_control	16	static
../Core/Src/main.c:926:6:reset_pid	0	static
../Core/Src/main.c:1011:6:compute_lb_real_speed	32	static
../Core/Src/main.c:1025:7:compute_real_speed	24	static
../Core/Src/main.c:1051:6:log_to_uart	8	static
../Core/Src/main.c:931:6:compute_control	400	static
../Core/Src/main.c:790:6:HAL_TIM_PeriodElapsedCallback	16	static
../Core/Src/main.c:158:5:main	96	static,ignoring_inline_asm
../Core/Src/main.c:1061:6:Error_Handler	0	static,ignoring_inline_asm
